2025-04-25 13:28:22,097 - INFO - YAML file config/config.yaml loaded successfully.
2025-04-25 13:28:22,097 - INFO - Data Ingestion initialized...........
2025-04-25 13:28:22,097 - INFO - Starting data ingestion process...
2025-04-25 13:28:22,144 - WARNING - Compute Engine Metadata server unavailable on attempt 1 of 3. Reason: [WinError 10051] A socket operation was attempted to an unreachable network
2025-04-25 13:28:23,245 - WARNING - Compute Engine Metadata server unavailable on attempt 2 of 3. Reason: [WinError 10051] A socket operation was attempted to an unreachable network
2025-04-25 13:28:25,440 - WARNING - Compute Engine Metadata server unavailable on attempt 3 of 3. Reason: [WinError 10051] A socket operation was attempted to an unreachable network
2025-04-25 13:28:25,442 - WARNING - Authentication failed using Compute Engine authentication due to unavailable metadata server.
2025-04-25 13:28:25,442 - ERROR - Error downloading files from GCP bucket: Your default credentials were not found. To set up Application Default Credentials, see https://cloud.google.com/docs/authentication/external/set-up-adc for more information.
2025-04-25 13:28:25,442 - ERROR - Data ingestion process failed: Error in D:\Projects\Anime_Recommendations\src\data_ingestion.py at line 26: Error downloading files from GCP bucket
2025-04-25 13:28:25,442 - INFO - Data ingestion process finished.
2025-04-25 13:41:18,437 - INFO - YAML file config/config.yaml loaded successfully.
2025-04-25 13:41:18,437 - INFO - Data Ingestion initialized...........
2025-04-25 13:41:18,437 - INFO - Starting data ingestion process...
2025-04-25 13:41:21,571 - INFO - Downloaded the small file that is anime and anime with synopsis from GCP bucket to local directory.
2025-04-25 13:41:21,571 - INFO - Downloaded anime.csv from GCP bucket to artifacts/raw\anime.csv successfully.
2025-04-25 13:41:24,652 - INFO - Downloaded the small file that is anime and anime with synopsis from GCP bucket to local directory.
2025-04-25 13:41:24,652 - INFO - Downloaded anime_with_synopsis.csv from GCP bucket to artifacts/raw\anime_with_synopsis.csv successfully.
2025-04-25 13:48:59,374 - INFO - Downloaded animelist.csv from GCP bucket to artifacts/raw\animelist.csv successfully.
2025-04-25 13:48:59,404 - INFO - Data ingestion process completed successfully.
2025-04-25 13:48:59,404 - INFO - Data ingestion process finished.
